// Jest Snapshot v1, https://goo.gl/fbAQLP

exports[`SearchResults page should render 1`] = `
<div>
  <div
    class="container"
  >
    <h1>
      Cat Search Results
    </h1>
    <form
      action="#"
    >
      <div
        class="mb-3"
      >
        <label
          class="form-label"
          for="searchTerm"
        >
          Search cat by breed
        </label>
        <div
          class="input-group"
        >
          <input
            class="form-control"
            id="searchTerm"
            name="searchTerm"
            type="text"
            value=""
          />
          <button
            class="btn btn-primary"
            type="submit"
          >
            Search
          </button>
        </div>
      </div>
    </form>
    Start search cat breeds by putting keyworkds in
  </div>
</div>
`;
