// Jest Snapshot v1, https://goo.gl/fbAQLP

exports[`CatCard component should render 1`] = `
<div>
  <div
    class="card"
    data-testid="cat-card-id"
  >
    <img
      class="card-img-top image"
      data-testid="cat-img"
      src="url"
    />
    <div
      class="card-body"
    >
      <div
        class="card-title h5"
      >
        name
      </div>
      <p
        class="description card-text"
      >
        description
      </p>
      <a
        href="/kitty/id"
      >
        <button
          class="btn btn-primary"
          type="button"
        >
          View Breed Details
        </button>
      </a>
    </div>
  </div>
</div>
`;
