// Jest Snapshot v1, https://goo.gl/fbAQLP

exports[`KittyDetails component should render 1`] = `
<div>
  <ol
    class="list-group"
  >
    <div
      class="list-group-item"
    >
      <div
        class="ms-2 me-auto"
      >
        <div
          class="fw-bold"
        >
          temperament
        </div>
        temp
      </div>
    </div>
    <div
      class="list-group-item"
    >
      <div
        class="ms-2 me-auto"
      >
        <div
          class="fw-bold"
        >
          origin
        </div>
        ori
      </div>
    </div>
    <div
      class="list-group-item"
    >
      <div
        class="ms-2 me-auto"
      >
        <div
          class="fw-bold"
        >
          life span
        </div>
        life
      </div>
    </div>
    <li
      class="d-flex justify-content-between align-items-start list-group-item"
    >
      <div
        class="ms-2 me-auto"
      >
        <div
          class="fw-bold"
        >
          adaptability
        </div>
      </div>
      <span
        class="badge rounded-pill bg-primary"
      >
        1
      </span>
    </li>
    <li
      class="d-flex justify-content-between align-items-start list-group-item"
    >
      <div
        class="ms-2 me-auto"
      >
        <div
          class="fw-bold"
        >
          affectionLevel
        </div>
      </div>
      <span
        class="badge rounded-pill bg-primary"
      >
        2
      </span>
    </li>
    <li
      class="d-flex justify-content-between align-items-start list-group-item"
    >
      <div
        class="ms-2 me-auto"
      >
        <div
          class="fw-bold"
        >
          childFriendly
        </div>
      </div>
      <span
        class="badge rounded-pill bg-primary"
      >
        3
      </span>
    </li>
    <li
      class="d-flex justify-content-between align-items-start list-group-item"
    >
      <div
        class="ms-2 me-auto"
      >
        <div
          class="fw-bold"
        >
          grooming
        </div>
      </div>
      <span
        class="badge rounded-pill bg-primary"
      >
        4
      </span>
    </li>
    <li
      class="d-flex justify-content-between align-items-start list-group-item"
    >
      <div
        class="ms-2 me-auto"
      >
        <div
          class="fw-bold"
        >
          intelligence
        </div>
      </div>
      <span
        class="badge rounded-pill bg-primary"
      >
        5
      </span>
    </li>
    <li
      class="d-flex justify-content-between align-items-start list-group-item"
    >
      <div
        class="ms-2 me-auto"
      >
        <div
          class="fw-bold"
        >
          healthIssues
        </div>
      </div>
      <span
        class="badge rounded-pill bg-primary"
      >
        6
      </span>
    </li>
    <li
      class="d-flex justify-content-between align-items-start list-group-item"
    >
      <div
        class="ms-2 me-auto"
      >
        <div
          class="fw-bold"
        >
          socialNeeds
        </div>
      </div>
      <span
        class="badge rounded-pill bg-primary"
      >
        7
      </span>
    </li>
    <li
      class="d-flex justify-content-between align-items-start list-group-item"
    >
      <div
        class="ms-2 me-auto"
      >
        <div
          class="fw-bold"
        >
          strangerFriendly
        </div>
      </div>
      <span
        class="badge rounded-pill bg-primary"
      >
        8
      </span>
    </li>
  </ol>
</div>
`;
